../Core/Src/main.c:74:13:sendRawFrame	16	static
../Core/Src/main.c:93:6:sendPacket	16	static
../Core/Src/main.c:116:6:sendPacket2	48	static
../Core/Src/main.c:148:19:E22900T22D_Send	24	static
../Core/Src/main.c:159:5:main	16	static
../Core/Src/main.c:223:6:SystemClock_Config	160	static
../Core/Src/main.c:271:13:MX_ADC1_Init	48	static
../Core/Src/main.c:337:13:MX_USART1_UART_Init	8	static
../Core/Src/main.c:372:13:MX_GPIO_Init	48	static
../Core/Src/main.c:422:6:Error_Handler	4	static,ignoring_inline_asm
